BLOCKS
B0: [0..3]
   0:    L0
   1:     LINENUMBER 25 L0
   2:     ILOAD 0
   3:     IFLE L1
B1: [4..7]
   4:    L2
   5:     LINENUMBER 26 L2
   6:     ICONST_1
   7:     IRETURN
B2: [8..16]
   8:    L1
   9:     LINENUMBER 28 L1
  10:    FRAME SAME
  11:     IINC 0 -1
  12:    L3
  13:     LINENUMBER 29 L3
  14:     ILOAD 0
  15:     INEG
  16:     IRETURN

EDGES
  B0 -> B1
  B0 -> B2 : JUMP(opcode=IFLE)