BLOCKS
B0: [0..10]
   0:    L0
   1:     LINENUMBER 18 L0
   2:     ICONST_0
   3:     ISTORE 0
   4:    L1
   5:     LINENUMBER 19 L1
   6:     IINC 0 1
   7:    L2
   8:     LINENUMBER 20 L2
   9:     ILOAD 0
  10:     IRETURN

EDGES
