BLOCKS
B0: [0..3]
   0:    L0
   1:     LINENUMBER 289 L0
   2:     ILOAD 0
   3:     IFGE L1
B1: [4..8]
   4:     NEW java/lang/IllegalArgumentException
   5:     DUP
   6:     LDC "Negative value"
   7:     INVOKESPECIAL java/lang/IllegalArgumentException.<init> (Ljava/lang/String;)V
   8:     ATHROW
B2: [9..13]
   9:    L1
  10:     LINENUMBER 290 L1
  11:    FRAME SAME
  12:     ILOAD 0
  13:     IRETURN

EDGES
  B0 -> B1
  B0 -> B2 : JUMP(opcode=IFGE)