BLOCKS
B0: [0..5]
   0:    L0
   1:     LINENUMBER 246 L0
   2:     ILOAD 0
   3:     INVOKESTATIC JavaControlFlowGraphCases.mayThrowMulti (I)I
   4:    L1
   5:     IRETURN
B1: [6..13]
   6:    L2
   7:     LINENUMBER 247 L2
   8:    FRAME SAME1 java/lang/RuntimeException
   9:     ASTORE 1
  10:    L3
  11:     LINENUMBER 248 L3
  12:     ICONST_M1
  13:     IRETURN

EDGES
  B0 -> B1 : CATCH(type=java/lang/IllegalArgumentException)
  B0 -> B1 : CATCH(type=java/lang/IllegalStateException)