BLOCKS
B0: [0..3]
  0:    L0
  1:     LINENUMBER 110 L0
  2:     ICONST_0
  3:     ISTORE 0
B1: [4..8]
  4:    L1
  5:     LINENUMBER 112 L1
  6:    FRAME APPEND [I]
  7:     IINC 0 1
  8:     GOTO L1

EDGES
  B0 -> B1
  B1 -> B1 : JUMP(opcode=GOTO)