BLOCKS
B0: [0..3]
   0:    L0
   1:     LINENUMBER 338 L0
   2:     ICONST_0
   3:     ISTORE 1
B1: [4..8]
   4:    L1
   5:     LINENUMBER 340 L1
   6:    FRAME APPEND [I]
   7:     ILOAD 0
   8:     IFLE L2
B2: [9..17]
   9:    L3
  10:     LINENUMBER 341 L3
  11:     ILOAD 0
  12:     INVOKESTATIC JavaControlFlowGraphCases.mayThrow (I)I
  13:     ISTORE 1
  14:    L4
  15:     LINENUMBER 342 L4
  16:     IINC 0 -1
  17:     GOTO L1
B3: [18..21]
  18:    L2
  19:     LINENUMBER 347 L2
  20:    FRAME SAME
  21:     GOTO L5
B4: [22..29]
  22:    L6
  23:     LINENUMBER 345 L6
  24:    FRAME SAME1 java/lang/IllegalArgumentException
  25:     ASTORE 2
  26:    L7
  27:     LINENUMBER 346 L7
  28:     ICONST_M1
  29:     ISTORE 1
B5: [30..34]
  30:    L5
  31:     LINENUMBER 348 L5
  32:    FRAME SAME
  33:     ILOAD 1
  34:     IRETURN

EDGES
  B0 -> B1
  B1 -> B2
  B1 -> B3 : JUMP(opcode=IFLE)
  B1 -> B4 : CATCH(type=java/lang/IllegalArgumentException)
  B2 -> B1 : JUMP(opcode=GOTO)
  B2 -> B4 : CATCH(type=java/lang/IllegalArgumentException)
  B3 -> B4 : CATCH(type=java/lang/IllegalArgumentException)
  B3 -> B5 : JUMP(opcode=GOTO)
  B4 -> B5
