BLOCKS
B0: [0..3]
   0:    L0
   1:     LINENUMBER 127 L0
   2:     ICONST_0
   3:     ISTORE 1
B1: [4..14]
   4:    L1
   5:     LINENUMBER 129 L1
   6:    FRAME APPEND [I]
   7:     IINC 1 1
   8:    L2
   9:     LINENUMBER 130 L2
  10:     ILOAD 1
  11:     ILOAD 0
  12:     IADD
  13:     BIPUSH 32
  14:     IF_ICMPLE L1
B2: [15]
  15:     GOTO L3
B3: [16..20]
  16:    L3
  17:     LINENUMBER 132 L3
  18:    FRAME SAME
  19:     ILOAD 1
  20:     IRETURN

EDGES
  B0 -> B1
  B1 -> B1 : JUMP(opcode=IF_ICMPLE)
  B1 -> B2
  B2 -> B3 : JUMP(opcode=GOTO)