BLOCKS
B0: [0..6]
   0:    L0
   1:     LINENUMBER 306 L0
   2:     BIPUSH 10
   3:     ILOAD 0
   4:     IDIV
   5:    L1
   6:     IRETURN
B1: [7..14]
   7:    L2
   8:     LINENUMBER 307 L2
   9:    FRAME SAME1 java/lang/ArithmeticException
  10:     ASTORE 1
  11:    L3
  12:     LINENUMBER 308 L3
  13:     ICONST_M1
  14:     IRETURN

EDGES
  B0 -> B1 : CATCH(type=java/lang/ArithmeticException)
