BLOCKS
B0: [0..3]
   0:    L0
   1:     LINENUMBER 182 L0
   2:     ILOAD 0
   3:     LOOKUPSWITCH
      -100: L1
      0: L2
      1000: L3
      default: L4
B1: [4..8]
   4:    L1
   5:     LINENUMBER 183 L1
   6:    FRAME SAME
   7:     ICONST_1
   8:     IRETURN
B2: [9..13]
   9:    L2
  10:     LINENUMBER 184 L2
  11:    FRAME SAME
  12:     ICONST_2
  13:     IRETURN
B3: [14..18]
  14:    L3
  15:     LINENUMBER 185 L3
  16:    FRAME SAME
  17:     ICONST_3
  18:     IRETURN
B4: [19..23]
  19:    L4
  20:     LINENUMBER 186 L4
  21:    FRAME SAME
  22:     ICONST_4
  23:     IRETURN

EDGES
  B0 -> B1 : JUMP(opcode=LOOKUPSWITCH)
  B0 -> B2 : JUMP(opcode=LOOKUPSWITCH)
  B0 -> B3 : JUMP(opcode=LOOKUPSWITCH)
  B0 -> B4 : JUMP(opcode=LOOKUPSWITCH)
