BLOCKS
B0: [0..3]
   0:    L0
   1:     LINENUMBER 90 L0
   2:     ICONST_0
   3:     ISTORE 1
B1: [4..9]
   4:    L1
   5:     LINENUMBER 91 L1
   6:    FRAME APPEND [I]
   7:     ILOAD 0
   8:     IINC 0 -1
   9:     IFLE L2
B2: [10..15]
  10:    L3
  11:     LINENUMBER 92 L3
  12:     ILOAD 0
  13:     ICONST_1
  14:     IAND
  15:     IFNE L4
B3: [16]
  16:     GOTO L1
B4: [17..24]
  17:    L4
  18:     LINENUMBER 93 L4
  19:    FRAME SAME
  20:     ILOAD 1
  21:     ILOAD 0
  22:     IADD
  23:     ISTORE 1
  24:     GOTO L1
B5: [25..29]
  25:    L2
  26:     LINENUMBER 95 L2
  27:    FRAME SAME
  28:     ILOAD 1
  29:     IRETURN

EDGES
  B0 -> B1
  B1 -> B2
  B1 -> B5 : JUMP(opcode=IFLE)
  B2 -> B3
  B2 -> B4 : JUMP(opcode=IFNE)
  B3 -> B1 : JUMP(opcode=GOTO)
  B4 -> B1 : JUMP(opcode=GOTO)
