LOOPS
LOOP 1
  HEADER: B1
  BODY: B1, B2, B3, B5, B6
  BACK EDGES:
    B6 -> B1 : JUMP(opcode=IF_ICMPLT)
  NORMAL EXITS:
    B3 -> B4
    B6 -> B7
  EXCEPTION EXIT HANDLERS: NONE

LOOPS BY BLOCK
  B1: LOOP 1
  B2: LOOP 1
  B3: LOOP 1
  B5: LOOP 1
  B6: LOOP 1
