LOOPS
LOOP 1
  HEADER: B1
  BODY: B1
  BACK EDGES:
    B1 -> B1 : JUMP(opcode=GOTO)
  NORMAL EXITS:

    NONE
  EXCEPTION EXIT HANDLERS: NONE

LOOPS BY BLOCK
  B1: LOOP 1
