LOOP 1
  HEADER: B1
  BODY: B1, B2, B4
  BACK EDGES:
    B4 -> B1 : JUMP(opcode=GOTO)
  NORMAL EXITS:
    B1 -> B5 : JUMP(opcode=IFLE)
    B2 -> B3
  EXCEPTION EXIT HANDLERS:
    NONE
