LOOPS
LOOP 1
  HEADER: B1
  BODY: B1, B2
  BACK EDGES:
    B2 -> B1 : JUMP(opcode=GOTO)
  NORMAL EXITS:
    B1 -> B3 : JUMP(opcode=IFLE)
  EXCEPTION EXIT HANDLERS: B4

LOOPS BY BLOCK
  B1: LOOP 1
  B2: LOOP 1
