LOOP 1
  HEADER: B1
  BODY: B1
  BACK EDGES:
    B1 -> B1 : JUMP(opcode=IF_ICMPLE)
  NORMAL EXITS:
    B1 -> B2
  EXCEPTION EXIT HANDLERS:
    NONE
